Testing login...
Token received. Testing /api/devices/ with token...
/api/devices/ Response: 401 {"error":"Invalid token"}
